// Jest Snapshot v1, https://goo.gl/fbAQLP

exports[`Coin should check snapshot 1`] = `ShallowWrapper {}`;
