// Jest Snapshot v1, https://goo.gl/fbAQLP

exports[`Header renders should render correctly 1`] = `ShallowWrapper {}`;
